// Jest Snapshot v1, https://goo.gl/fbAQLP

exports[`App shoud render app with error 1`] = `
<DocumentFragment>
  <div>
    Hola
  </div>
</DocumentFragment>
`;
